../Core/Src/main.c:183:5:main	8	static
../Core/Src/main.c:332:6:SystemClock_Config	88	static
../Core/Src/main.c:379:13:MX_ADC1_Init	24	static
../Core/Src/main.c:426:13:MX_I2C1_Init	8	static
../Core/Src/main.c:460:13:MX_SPI1_Init	8	static
../Core/Src/main.c:498:13:MX_USART1_UART_Init	8	static
../Core/Src/main.c:531:13:MX_GPIO_Init	40	static
../Core/Src/main.c:577:6:StartDefaultTask	16	static
../Core/Src/main.c:595:6:StartLED1_Task	16	static
../Core/Src/main.c:614:6:StartADC_Task	144	static
../Core/Src/main.c:641:6:StartUART_Task	128	static
../Core/Src/main.c:666:6:StartTFT_Task	136	static
../Core/Src/main.c:689:6:StartINA219_Task	32	static
../Core/Src/main.c:727:6:StartInitMyDevice	136	static
../Core/Src/main.c:772:6:HAL_TIM_PeriodElapsedCallback	16	static
../Core/Src/main.c:789:6:Error_Handler	4	static,ignoring_inline_asm
