../Core/Src/main.c:194:5:main	8	static
../Core/Src/main.c:347:6:SystemClock_Config	88	static
../Core/Src/main.c:394:13:MX_ADC1_Init	24	static
../Core/Src/main.c:441:13:MX_I2C1_Init	8	static
../Core/Src/main.c:475:13:MX_SPI1_Init	8	static
../Core/Src/main.c:513:13:MX_USART1_UART_Init	8	static
../Core/Src/main.c:546:13:MX_GPIO_Init	40	static
../Core/Src/main.c:592:6:StartDefaultTask	16	static
../Core/Src/main.c:610:6:StartADC_Task	72	static
../Core/Src/main.c:638:6:StartUART_Task	80	static
../Core/Src/main.c:662:6:StartTFT_Task	72	static
../Core/Src/main.c:697:6:StartINA219_Current_Task	160	static
../Core/Src/main.c:724:6:StartInitMyDevice	136	static
../Core/Src/main.c:766:6:INA219_vBus_Task	160	static
../Core/Src/main.c:793:6:INA219_vShunt_Task	16	static
../Core/Src/main.c:812:6:HAL_TIM_PeriodElapsedCallback	16	static
../Core/Src/main.c:829:6:Error_Handler	4	static,ignoring_inline_asm
